0 verbose cli C:\Program Files\nodejs\node.exe C:\Users\mateu\AppData\Roaming\npm\node_modules\npm\bin\npm-cli.js
1 info using npm@11.6.4
2 info using node@v24.11.1
3 silly config load:file:C:\Users\mateu\AppData\Roaming\npm\node_modules\npm\npmrc
4 silly config load:file:D:\MATHEUS\Projeto\frotto\frotto-ui-main\.npmrc
5 silly config load:file:C:\Users\mateu\.npmrc
6 silly config load:file:C:\Users\mateu\AppData\Roaming\npm\etc\npmrc
7 verbose title npm install react-is@18.2.0
8 verbose argv "install" "react-is@18.2.0" "--save" "--legacy-peer-deps" "--ignore-scripts" "--no-audit" "--no-fund"
9 verbose logfile logs-max:10 dir:D:\MATHEUS\Projeto\frotto\.npm-cache\_logs\2026-03-27T19_54_43_974Z-
10 verbose logfile D:\MATHEUS\Projeto\frotto\.npm-cache\_logs\2026-03-27T19_54_43_974Z-debug-0.log
11 silly logfile done cleaning log files
12 silly packumentCache heap:4496293888 maxSize:1124073472 maxEntrySize:562036736
13 silly idealTree buildDeps
14 silly fetch manifest react-is@18.2.0
15 silly packumentCache full:https://registry.npmjs.org/react-is cache-miss
16 verbose shrinkwrap failed to load node_modules/.package-lock.json out of date, updated: node_modules
17 http fetch GET 200 https://registry.npmjs.org/npm 12572ms
18 http fetch GET 200 https://registry.npmjs.org/react-is 10997ms (cache miss)
19 silly packumentCache full:https://registry.npmjs.org/react-is set size:undefined disposed:false
20 silly placeDep ROOT react-is@18.2.0 OK for: local@0.0.1 want: 18.2.0
21 silly reify mark retired [
21 silly reify   'D:\\MATHEUS\\Projeto\\frotto\\frotto-ui-main\\node_modules\\jest-watch-typeahead\\node_modules\\react-is'
21 silly reify ]
22 silly reify mark retired [
22 silly reify   'D:\\MATHEUS\\Projeto\\frotto\\frotto-ui-main\\node_modules\\react-redux\\node_modules\\react-is'
22 silly reify ]
23 silly reify moves {
23 silly reify   'D:\\MATHEUS\\Projeto\\frotto\\frotto-ui-main\\node_modules\\jest-watch-typeahead\\node_modules\\react-is': 'D:\\MATHEUS\\Projeto\\frotto\\frotto-ui-main\\node_modules\\jest-watch-typeahead\\node_modules\\.react-is-JsfpOtu6',
23 silly reify   'D:\\MATHEUS\\Projeto\\frotto\\frotto-ui-main\\node_modules\\react-redux\\node_modules\\react-is': 'D:\\MATHEUS\\Projeto\\frotto\\frotto-ui-main\\node_modules\\react-redux\\node_modules\\.react-is-mI1QU4R7'
23 silly reify }
24 http cache react-is@https://registry.npmjs.org/react-is/-/react-is-18.2.0.tgz 1ms (cache hit)
25 silly tarball no local data for react-is@https://registry.npmjs.org/react-is/-/react-is-18.2.0.tgz. Extracting by manifest.
26 http fetch GET 200 https://registry.npmjs.org/react-is/-/react-is-18.2.0.tgz 96ms (cache miss)
27 silly ADD node_modules/react-is
28 silly REMOVE node_modules/react-redux/node_modules/react-is
29 silly REMOVE node_modules/jest-watch-typeahead/node_modules/react-is
30 verbose cwd D:\MATHEUS\Projeto\frotto\frotto-ui-main
31 verbose os Windows_NT 10.0.19045
32 verbose node v24.11.1
33 verbose npm  v11.6.4
34 notice
34 notice New minor version of npm available! 11.6.4 -> 11.12.1
34 notice Changelog: https://github.com/npm/cli/releases/tag/v11.12.1
34 notice To update run: npm install -g npm@11.12.1
34 notice  { force: true, Symbol(proc-log.meta): true }
35 verbose exit 0
36 info ok
